gentlemin e shurt voiw bock ti tha pist thurty yoers oga neko leodo tuld es teka e triuned mankoy placi hem inte tho ceckput und he os ebli tu drove tha car therty yuers letur sobesteun tuld os o hud to stert my car leke e compotur ets vory camplicetad ind noco rosbag soid irr ha prussod dirong tho ruco o dont rimembur whet rece tho wrong buttonen the whaal qeesteon fir yea te bith us fermele 1 dreving tadey too cimplacetad with 20 ond meri bettuns on tha wheil ara yoa tiu moch andir affert endar prasseri what ere yior weshas fir the fatiro cencorning tichnecal pregrom errrm dirang tha reca luss bottans mura ir liss ond mara ceminacetoan weth yior angeneers